Pc@DESKTOP-OCV5CAK MINGW64 ~/desktop/git youtube (main)
$ mkdir ejercicioclase5

Pc@DESKTOP-OCV5CAK MINGW64 ~/desktop/git youtube (main)
$ cd ejercicioclase5

Pc@DESKTOP-OCV5CAK MINGW64 ~/desktop/git youtube/ejercicioclase5 (main)
$ git init
Initialized empty Git repository in C:/Users/Pc/Desktop/git youtube/ejercicioclase5/.git/

Pc@DESKTOP-OCV5CAK MINGW64 ~/desktop/git youtube/ejercicioclase5 (main)
$ git remote add origin https://github.com/Mauricioortizhenao/Clase5ejercicio.git

Pc@DESKTOP-OCV5CAK MINGW64 ~/desktop/git youtube/ejercicioclase5 (main)
$ git remote -v
origin  https://github.com/Mauricioortizhenao/Clase5ejercicio.git (fetch)
origin  https://github.com/Mauricioortizhenao/Clase5ejercicio.git (push)

Pc@DESKTOP-OCV5CAK MINGW64 ~/desktop/git youtube/ejercicioclase5 (main)
$ touch readme.txt

Pc@DESKTOP-OCV5CAK MINGW64 ~/desktop/git youtube/ejercicioclase5 (main)
$ git add readme.txt

Pc@DESKTOP-OCV5CAK MINGW64 ~/desktop/git youtube/ejercicioclase5 (main)
$ git commit -m "readme.txt"
[main (root-commit) e4ed47c] readme.txt
 1 file changed, 0 insertions(+), 0 deletions(-)
 create mode 100644 readme.txt

Pc@DESKTOP-OCV5CAK MINGW64 ~/desktop/git youtube/ejercicioclase5 (main)
$ git push
fatal: The current branch main has no upstream branch.
To push the current branch and set the remote as upstream, use

    git push --set-upstream origin main


Pc@DESKTOP-OCV5CAK MINGW64 ~/desktop/git youtube/ejercicioclase5 (main)
$ git status
On branch main
nothing to commit, working tree clean

Pc@DESKTOP-OCV5CAK MINGW64 ~/desktop/git youtube/ejercicioclase5 (main)
$ git push origin main
info: please complete authentication in your browser...
Enumerating objects: 3, done.
Counting objects: 100% (3/3), done.
Writing objects: 100% (3/3), 220 bytes | 220.00 KiB/s, done.
Total 3 (delta 0), reused 0 (delta 0), pack-reused 0
To https://github.com/Mauricioortizhenao/Clase5ejercicio.git
 * [new branch]      main -> main

Pc@DESKTOP-OCV5CAK MINGW64 ~/desktop/git youtube/ejercicioclase5 (main)
$ git push origin main
Everything up-to-date

Pc@DESKTOP-OCV5CAK MINGW64 ~/desktop/git youtube/ejercicioclase5 (main)
$ touch pasado presente futuro

Pc@DESKTOP-OCV5CAK MINGW64 ~/desktop/git youtube/ejercicioclase5 (main)
$ ls
futuro  pasado  presente  readme.txt

Pc@DESKTOP-OCV5CAK MINGW64 ~/desktop/git youtube/ejercicioclase5 (main)
$ git add pasado presente futuro

Pc@DESKTOP-OCV5CAK MINGW64 ~/desktop/git youtube/ejercicioclase5 (main)
$ git commit -m "Agregando 3 archivos"
[main 31dd20e] Agregando 3 archivos
 3 files changed, 0 insertions(+), 0 deletions(-)
 create mode 100644 futuro
 create mode 100644 pasado
 create mode 100644 presente

Pc@DESKTOP-OCV5CAK MINGW64 ~/desktop/git youtube/ejercicioclase5 (main)
$ git push origin main
To https://github.com/Mauricioortizhenao/Clase5ejercicio.git
 ! [rejected]        main -> main (fetch first)
error: failed to push some refs to 'https://github.com/Mauricioortizhenao/Clase5ejercicio.git'
hint: Updates were rejected because the remote contains work that you do
hint: not have locally. This is usually caused by another repository pushing
hint: to the same ref. You may want to first integrate the remote changes
hint: (e.g., 'git pull ...') before pushing again.
hint: See the 'Note about fast-forwards' in 'git push --help' for details.

Pc@DESKTOP-OCV5CAK MINGW64 ~/desktop/git youtube/ejercicioclase5 (main)
$ git pull origin main
remote: Enumerating objects: 3, done.
remote: Counting objects: 100% (3/3), done.
remote: Compressing objects: 100% (2/2), done.
remote: Total 2 (delta 0), reused 2 (delta 0), pack-reused 0
Unpacking objects: 100% (2/2), 270 bytes | 45.00 KiB/s, done.
From https://github.com/Mauricioortizhenao/Clase5ejercicio
 * branch            main       -> FETCH_HEAD
   e4ed47c..44344ed  main       -> origin/main
Merge made by the 'ort' strategy.
 calendario.js | 0
 esquema.txt   | 0
 lapicera.txt  | 0
 3 files changed, 0 insertions(+), 0 deletions(-)
 create mode 100644 calendario.js
 create mode 100644 esquema.txt
 create mode 100644 lapicera.txt

Pc@DESKTOP-OCV5CAK MINGW64 ~/desktop/git youtube/ejercicioclase5 (main)
$ ls
calendario.js  esquema.txt  futuro  lapicera.txt  pasado  presente  readme.txt

Pc@DESKTOP-OCV5CAK MINGW64 ~/desktop/git youtube/ejercicioclase5 (main)
$ git push origin main
Enumerating objects: 6, done.
Counting objects: 100% (6/6), done.
Delta compression using up to 8 threads
Compressing objects: 100% (4/4), done.
Writing objects: 100% (4/4), 517 bytes | 517.00 KiB/s, done.
Total 4 (delta 2), reused 0 (delta 0), pack-reused 0
remote: Resolving deltas: 100% (2/2), completed with 1 local object.
To https://github.com/Mauricioortizhenao/Clase5ejercicio.git
   44344ed..5b0cac1  main -> main

Pc@DESKTOP-OCV5CAK MINGW64 ~/desktop/git youtube/ejercicioclase5 (main)
$ nano calendario

Pc@DESKTOP-OCV5CAK MINGW64 ~/desktop/git youtube/ejercicioclase5 (main)
$ cat calendario
23/02/22

Pc@DESKTOP-OCV5CAK MINGW64 ~/desktop/git youtube/ejercicioclase5 (main)
$ nano esquema

Pc@DESKTOP-OCV5CAK MINGW64 ~/desktop/git youtube/ejercicioclase5 (main)
$ cat esquema
Dibujo

Pc@DESKTOP-OCV5CAK MINGW64 ~/desktop/git youtube/ejercicioclase5 (main)
$ nano lapicera

Pc@DESKTOP-OCV5CAK MINGW64 ~/desktop/git youtube/ejercicioclase5 (main)
$ cat lapicera
Borrador

Pc@DESKTOP-OCV5CAK MINGW64 ~/desktop/git youtube/ejercicioclase5 (main)
$ git pull
remote: Enumerating objects: 9, done.
remote: Counting objects: 100% (7/7), done.
remote: Compressing objects: 100% (4/4), done.
remote: Total 5 (delta 1), reused 5 (delta 1), pack-reused 0
Unpacking objects: 100% (5/5), 836 bytes | 52.00 KiB/s, done.
From https://github.com/Mauricioortizhenao/Clase5ejercicio
   5b0cac1..4fcd276  main       -> origin/main
There is no tracking information for the current branch.
Please specify which branch you want to merge with.
See git-pull(1) for details.

    git pull <remote> <branch>

If you wish to set tracking information for this branch you can do so with:

    git branch --set-upstream-to=origin/<branch> main


Pc@DESKTOP-OCV5CAK MINGW64 ~/desktop/git youtube/ejercicioclase5 (main)
$ git push
fatal: The current branch main has no upstream branch.
To push the current branch and set the remote as upstream, use

    git push --set-upstream origin main


Pc@DESKTOP-OCV5CAK MINGW64 ~/desktop/git youtube/ejercicioclase5 (main)
$ git push origin main
To https://github.com/Mauricioortizhenao/Clase5ejercicio.git
 ! [rejected]        main -> main (non-fast-forward)
error: failed to push some refs to 'https://github.com/Mauricioortizhenao/Clase5ejercicio.git'
hint: Updates were rejected because the tip of your current branch is behind
hint: its remote counterpart. Integrate the remote changes (e.g.
hint: 'git pull ...') before pushing again.
hint: See the 'Note about fast-forwards' in 'git push --help' for details.

Pc@DESKTOP-OCV5CAK MINGW64 ~/desktop/git youtube/ejercicioclase5 (main)
$ git pull origin main
From https://github.com/Mauricioortizhenao/Clase5ejercicio
 * branch            main       -> FETCH_HEAD
Updating 5b0cac1..4fcd276
Fast-forward
 futuro   | 2 ++
 pasado   | 1 +
 presente | 1 +
 3 files changed, 4 insertions(+)

Pc@DESKTOP-OCV5CAK MINGW64 ~/desktop/git youtube/ejercicioclase5 (main)
$ git push origin main
Everything up-to-date

Pc@DESKTOP-OCV5CAK MINGW64 ~/desktop/git youtube/ejercicioclase5 (main)
$ git status
On branch main
Untracked files:
  (use "git add <file>..." to include in what will be committed)
        calendario
        esquema
        lapicera

nothing added to commit but untracked files present (use "git add" to track)

Pc@DESKTOP-OCV5CAK MINGW64 ~/desktop/git youtube/ejercicioclase5 (main)
$ git add calendario esquema lapicera
warning: LF will be replaced by CRLF in calendario.
The file will have its original line endings in your working directory
warning: LF will be replaced by CRLF in esquema.
The file will have its original line endings in your working directory
warning: LF will be replaced by CRLF in lapicera.
The file will have its original line endings in your working directory

Pc@DESKTOP-OCV5CAK MINGW64 ~/desktop/git youtube/ejercicioclase5 (main)
$ git commit -m "Editando archivos"
[main 51885df] Editando archivos
 3 files changed, 3 insertions(+)
 create mode 100644 calendario
 create mode 100644 esquema
 create mode 100644 lapicera

Pc@DESKTOP-OCV5CAK MINGW64 ~/desktop/git youtube/ejercicioclase5 (main)
$ git push origin main
Enumerating objects: 6, done.
Counting objects: 100% (6/6), done.
Delta compression using up to 8 threads
Compressing objects: 100% (2/2), done.
Writing objects: 100% (5/5), 379 bytes | 379.00 KiB/s, done.
Total 5 (delta 1), reused 0 (delta 0), pack-reused 0
remote: Resolving deltas: 100% (1/1), completed with 1 local object.
To https://github.com/Mauricioortizhenao/Clase5ejercicio.git
   4fcd276..51885df  main -> main

Pc@DESKTOP-OCV5CAK MINGW64 ~/desktop/git youtube/ejercicioclase5 (main)
$ ls
calendario  calendario.js  esquema  esquema.txt  futuro  lapicera  lapicera.txt  pasado  presente  readme.txt

Pc@DESKTOP-OCV5CAK MINGW64 ~/desktop/git youtube/ejercicioclase5 (main)
$ nano calendario.js

Pc@DESKTOP-OCV5CAK MINGW64 ~/desktop/git youtube/ejercicioclase5 (main)
$ cat calendario.js
El tiempo esta corriendo tic tac

Pc@DESKTOP-OCV5CAK MINGW64 ~/desktop/git youtube/ejercicioclase5 (main)
$ git calendario.js
git: 'calendario.js' is not a git command. See 'git --help'.

Pc@DESKTOP-OCV5CAK MINGW64 ~/desktop/git youtube/ejercicioclase5 (main)
$ git add calendario.js
warning: LF will be replaced by CRLF in calendario.js.
The file will have its original line endings in your working directory

Pc@DESKTOP-OCV5CAK MINGW64 ~/desktop/git youtube/ejercicioclase5 (main)
$ git commit -m "Trabajando un mismo archivo"
[main 5b749cc] Trabajando un mismo archivo
 1 file changed, 1 insertion(+)

Pc@DESKTOP-OCV5CAK MINGW64 ~/desktop/git youtube/ejercicioclase5 (main)
$ git push origin main
To https://github.com/Mauricioortizhenao/Clase5ejercicio.git
 ! [rejected]        main -> main (fetch first)
error: failed to push some refs to 'https://github.com/Mauricioortizhenao/Clase5ejercicio.git'
hint: Updates were rejected because the remote contains work that you do
hint: not have locally. This is usually caused by another repository pushing
hint: to the same ref. You may want to first integrate the remote changes
hint: (e.g., 'git pull ...') before pushing again.
hint: See the 'Note about fast-forwards' in 'git push --help' for details.

Pc@DESKTOP-OCV5CAK MINGW64 ~/desktop/git youtube/ejercicioclase5 (main)
$ git pull origin main
remote: Enumerating objects: 9, done.
remote: Counting objects: 100% (8/8), done.
remote: Compressing objects: 100% (3/3), done.
remote: Total 5 (delta 2), reused 5 (delta 2), pack-reused 0
Unpacking objects: 100% (5/5), 556 bytes | 32.00 KiB/s, done.
From https://github.com/Mauricioortizhenao/Clase5ejercicio
 * branch            main       -> FETCH_HEAD
   51885df..e3492a1  main       -> origin/main
Auto-merging calendario.js
CONFLICT (content): Merge conflict in calendario.js
Automatic merge failed; fix conflicts and then commit the result.

Pc@DESKTOP-OCV5CAK MINGW64 ~/desktop/git youtube/ejercicioclase5 (main|MERGING)
$ git push origin main
To https://github.com/Mauricioortizhenao/Clase5ejercicio.git
 ! [rejected]        main -> main (non-fast-forward)
error: failed to push some refs to 'https://github.com/Mauricioortizhenao/Clase5ejercicio.git'
hint: Updates were rejected because the tip of your current branch is behind
hint: its remote counterpart. Integrate the remote changes (e.g.
hint: 'git pull ...') before pushing again.
hint: See the 'Note about fast-forwards' in 'git push --help' for details.

Pc@DESKTOP-OCV5CAK MINGW64 ~/desktop/git youtube/ejercicioclase5 (main|MERGING)
$ git status
On branch main
You have unmerged paths.
  (fix conflicts and run "git commit")
  (use "git merge --abort" to abort the merge)

Unmerged paths:
  (use "git add <file>..." to mark resolution)
        both modified:   calendario.js

no changes added to commit (use "git add" and/or "git commit -a")

Pc@DESKTOP-OCV5CAK MINGW64 ~/desktop/git youtube/ejercicioclase5 (main|MERGING)
$ git add .

Pc@DESKTOP-OCV5CAK MINGW64 ~/desktop/git youtube/ejercicioclase5 (main|MERGING)
$ git commit -m "Resolviendo Conflictos"
[main c985c5c] Resolviendo Conflictos

Pc@DESKTOP-OCV5CAK MINGW64 ~/desktop/git youtube/ejercicioclase5 (main)
$ git push origin main
Enumerating objects: 10, done.
Counting objects: 100% (10/10), done.
Delta compression using up to 8 threads
Compressing objects: 100% (5/5), done.
Writing objects: 100% (6/6), 706 bytes | 706.00 KiB/s, done.
Total 6 (delta 2), reused 0 (delta 0), pack-reused 0
remote: Resolving deltas: 100% (2/2), completed with 1 local object.
To https://github.com/Mauricioortizhenao/Clase5ejercicio.git
   e3492a1..c985c5c  main -> main

Pc@DESKTOP-OCV5CAK MINGW64 ~/desktop/git youtube/ejercicioclase5 (main)
$ rm esquema

Pc@DESKTOP-OCV5CAK MINGW64 ~/desktop/git youtube/ejercicioclase5 (main)
$ git status
On branch main
Changes not staged for commit:
  (use "git add/rm <file>..." to update what will be committed)
  (use "git restore <file>..." to discard changes in working directory)
        deleted:    esquema

no changes added to commit (use "git add" and/or "git commit -a")

Pc@DESKTOP-OCV5CAK MINGW64 ~/desktop/git youtube/ejercicioclase5 (main)
$ git add esquema

Pc@DESKTOP-OCV5CAK MINGW64 ~/desktop/git youtube/ejercicioclase5 (main)
$ git commit -m "Borrando esquema"
[main 9f6efbf] Borrando esquema
 1 file changed, 1 deletion(-)
 delete mode 100644 esquema

Pc@DESKTOP-OCV5CAK MINGW64 ~/desktop/git youtube/ejercicioclase5 (main)
$ git push origin main
Enumerating objects: 3, done.
Counting objects: 100% (3/3), done.
Delta compression using up to 8 threads
Compressing objects: 100% (2/2), done.
Writing objects: 100% (2/2), 233 bytes | 233.00 KiB/s, done.
Total 2 (delta 1), reused 0 (delta 0), pack-reused 0
remote: Resolving deltas: 100% (1/1), completed with 1 local object.
To https://github.com/Mauricioortizhenao/Clase5ejercicio.git
   c985c5c..9f6efbf  main -> main