ingme@DESKTOP-DGMC23J MINGW64 ~/Desktop (master)
$ pwd
/c/Users/ingme/Desktop

ingme@DESKTOP-DGMC23J MINGW64 ~/Desktop (master)
$ mkdir "dh"

ingme@DESKTOP-DGMC23J MINGW64 ~/Desktop (master)
$ ls
 Discord.lnk*
 Figma.lnk*
'Git Bash.lnk'*
'Nuevo Documento de Microsoft Word.docx'
 Screenshot_1637074733.png
'Visual Studio Code.lnk'*
 bienvenidos/
 desktop.ini
 dh/
 hola.dat.txt
'~$evo Documento de Microsoft Word.docx'

ingme@DESKTOP-DGMC23J MINGW64 ~/Desktop (master)
$ cd dh/

ingme@DESKTOP-DGMC23J MINGW64 ~/Desktop/dh (master)
$ cd ..

ingme@DESKTOP-DGMC23J MINGW64 ~/Desktop (master)
$ cd dh/

ingme@DESKTOP-DGMC23J MINGW64 ~/Desktop/dh (master)
$ mkdir repaso_clase_1y2/

ingme@DESKTOP-DGMC23J MINGW64 ~/Desktop/dh (master)
$ ls
repaso_clase_1y2/

ingme@DESKTOP-DGMC23J MINGW64 ~/Desktop/dh (master)
$ cd repaso_clase_1y2/

ingme@DESKTOP-DGMC23J MINGW64 ~/Desktop/dh/repaso_clase_1y2 (master)
$ mkdir historia_de_la_contabilidad servidores interfaces_de_usuario que_haremos_hoy infraestructura

ingme@DESKTOP-DGMC23J MINGW64 ~/Desktop/dh/repaso_clase_1y2 (master)
$ mkdir historia_de_la_contabilidad servidores interfaces_de_usuario que_haremos_hoy infraestructura/
mkdir: cannot create directory ‘historia_de_la_contabilidad’: File exists
mkdir: cannot create directory ‘servidores’: File exists
mkdir: cannot create directory ‘interfaces_de_usuario’: File exists
mkdir: cannot create directory ‘que_haremos_hoy’: File exists
mkdir: cannot create directory ‘infraestructura/’: File exists

ingme@DESKTOP-DGMC23J MINGW64 ~/Desktop/dh/repaso_clase_1y2 (master)
$ ls
historia_de_la_contabilidad/  interfaces_de_usuario/  servidores/
infraestructura/              que_haremos_hoy/

ingme@DESKTOP-DGMC23J MINGW64 ~/Desktop/dh/repaso_clase_1y2 (master)
$ cd historia_de_la_contabilidad

ingme@DESKTOP-DGMC23J MINGW64 ~/Desktop/dh/repaso_clase_1y2/historia_de_la_contabilidad (master)
$ touch repaso/
touch: setting times of 'repaso/': No such file or directory

ingme@DESKTOP-DGMC23J MINGW64 ~/Desktop/dh/repaso_clase_1y2/historia_de_la_contabilidad (master)
$ touch repaso

ingme@DESKTOP-DGMC23J MINGW64 ~/Desktop/dh/repaso_clase_1y2/historia_de_la_contabilidad (master)
$ cd servidores
bash: cd: servidores: No such file or directory

ingme@DESKTOP-DGMC23J MINGW64 ~/Desktop/dh/repaso_clase_1y2/historia_de_la_contabilidad (master)
$ cd..
bash: cd..: command not found

ingme@DESKTOP-DGMC23J MINGW64 ~/Desktop/dh/repaso_clase_1y2/historia_de_la_contabilidad (master)
$ cd ../

ingme@DESKTOP-DGMC23J MINGW64 ~/Desktop/dh/repaso_clase_1y2 (master)
$ cd servidores

ingme@DESKTOP-DGMC23J MINGW64 ~/Desktop/dh/repaso_clase_1y2/servidores (master)
$ touch repaso

ingme@DESKTOP-DGMC23J MINGW64 ~/Desktop/dh/repaso_clase_1y2/servidores (master)
$ cd ../

ingme@DESKTOP-DGMC23J MINGW64 ~/Desktop/dh/repaso_clase_1y2 (master)
$ cd interfaces_de_usuario

ingme@DESKTOP-DGMC23J MINGW64 ~/Desktop/dh/repaso_clase_1y2/interfaces_de_usuario (master)
$ touch repaso

ingme@DESKTOP-DGMC23J MINGW64 ~/Desktop/dh/repaso_clase_1y2/interfaces_de_usuario (master)
$ cd ../

ingme@DESKTOP-DGMC23J MINGW64 ~/Desktop/dh/repaso_clase_1y2 (master)
$ cd que_haremos_hoy

ingme@DESKTOP-DGMC23J MINGW64 ~/Desktop/dh/repaso_clase_1y2/que_haremos_hoy (master)
$ touch repaso

ingme@DESKTOP-DGMC23J MINGW64 ~/Desktop/dh/repaso_clase_1y2/que_haremos_hoy (master)
$ cd ../

ingme@DESKTOP-DGMC23J MINGW64 ~/Desktop/dh/repaso_clase_1y2 (master)
$ cd infraestructura

ingme@DESKTOP-DGMC23J MINGW64 ~/Desktop/dh/repaso_clase_1y2/infraestructura (master)
$ touch repaso

ingme@DESKTOP-DGMC23J MINGW64 ~/Desktop/dh/repaso_clase_1y2/infraestructura (master)
$ c ../
bash: c: command not found

ingme@DESKTOP-DGMC23J MINGW64 ~/Desktop/dh/repaso_clase_1y2/infraestructura (master)
$ cd ../

ingme@DESKTOP-DGMC23J MINGW64 ~/Desktop/dh/repaso_clase_1y2 (master)
$ ls -R
.:
historia_de_la_contabilidad/  interfaces_de_usuario/  servidores/
infraestructura/              que_haremos_hoy/

./historia_de_la_contabilidad:
repaso

./infraestructura:
repaso

./interfaces_de_usuario:
repaso

./que_haremos_hoy:
repaso

./servidores:
repaso

ingme@DESKTOP-DGMC23J MINGW64 ~/Desktop/dh/repaso_clase_1y2 (master)
$ cd ../

ingme@DESKTOP-DGMC23J MINGW64 ~/Desktop/dh (master)
$ ls -R
.:
repaso_clase_1y2/

./repaso_clase_1y2:
historia_de_la_contabilidad/  interfaces_de_usuario/  servidores/
infraestructura/              que_haremos_hoy/

./repaso_clase_1y2/historia_de_la_contabilidad:
repaso

./repaso_clase_1y2/infraestructura:
repaso

./repaso_clase_1y2/interfaces_de_usuario:
repaso

./repaso_clase_1y2/que_haremos_hoy:
repaso

./repaso_clase_1y2/servidores:
repaso

ingme@DESKTOP-DGMC23J MINGW64 ~/Desktop/dh (master)
$

ingme@DESKTOP-DGMC23J MINGW64 ~/Desktop/dh (master)
$ cd ..

ingme@DESKTOP-DGMC23J MINGW64 ~/Desktop (master)
$

ingme@DESKTOP-DGMC23J MINGW64 ~/Desktop (master)
$ mkdir dh/

ingme@DESKTOP-DGMC23J MINGW64 ~/Desktop (master)
$ cd dh/

ingme@DESKTOP-DGMC23J MINGW64 ~/Desktop/dh (master)
$ mkdir repaso_clase_1y2

ingme@DESKTOP-DGMC23J MINGW64 ~/Desktop/dh (master)
$ cd repaso_clase_1y2/

ingme@DESKTOP-DGMC23J MINGW64 ~/Desktop/dh/repaso_clase_1y2 (master)
$ mkdir historia_de_la_contabilidad servidores interfaces_de_usuario que_haremos_hoy infraestructura/

ingme@DESKTOP-DGMC23J MINGW64 ~/Desktop/dh/repaso_clase_1y2 (master)
$ ls
historia_de_la_contabilidad/
infraestructura/
interfaces_de_usuario/
que_haremos_hoy/
servidores/

ingme@DESKTOP-DGMC23J MINGW64 ~/Desktop/dh/repaso_clase_1y2 (master)
$ cd historia_de_la_contabilidad/

ingme@DESKTOP-DGMC23J MINGW64 ~/Desktop/dh/repaso_clase_1y2/historia_de_la_contabilidad (master)
$ touch repaso

ingme@DESKTOP-DGMC23J MINGW64 ~/Desktop/dh/repaso_clase_1y2/historia_de_la_contabilidad (master)
$ cd ../

ingme@DESKTOP-DGMC23J MINGW64 ~/Desktop/dh/repaso_clase_1y2 (master)
$ cd servidores/

ingme@DESKTOP-DGMC23J MINGW64 ~/Desktop/dh/repaso_clase_1y2/servidores (master)
$ touch repaso

ingme@DESKTOP-DGMC23J MINGW64 ~/Desktop/dh/repaso_clase_1y2/servidores (master)
$ cd ../

ingme@DESKTOP-DGMC23J MINGW64 ~/Desktop/dh/repaso_clase_1y2 (master)
$ interfaces_de_usuario
bash: interfaces_de_usuario: command not found

ingme@DESKTOP-DGMC23J MINGW64 ~/Desktop/dh/repaso_clase_1y2 (master)
$ cd interfaces_de_usuario

ingme@DESKTOP-DGMC23J MINGW64 ~/Desktop/dh/repaso_clase_1y2/interfaces_de_usuario (master)
$ touch repaso

ingme@DESKTOP-DGMC23J MINGW64 ~/Desktop/dh/repaso_clase_1y2/interfaces_de_usuario (master)
$ cd ../

ingme@DESKTOP-DGMC23J MINGW64 ~/Desktop/dh/repaso_clase_1y2 (master)
$ cd que_haremos_hoy

ingme@DESKTOP-DGMC23J MINGW64 ~/Desktop/dh/repaso_clase_1y2/que_haremos_hoy (master)
$ touch repaso

ingme@DESKTOP-DGMC23J MINGW64 ~/Desktop/dh/repaso_clase_1y2/que_haremos_hoy (master)
$ cd ../

ingme@DESKTOP-DGMC23J MINGW64 ~/Desktop/dh/repaso_clase_1y2 (master)
$ cd infraestructura

ingme@DESKTOP-DGMC23J MINGW64 ~/Desktop/dh/repaso_clase_1y2/infraestructura (master)
$ touch repaso

ingme@DESKTOP-DGMC23J MINGW64 ~/Desktop/dh/repaso_clase_1y2/infraestructura (master)
$ cd ../ ../
bash: cd: too many arguments

ingme@DESKTOP-DGMC23J MINGW64 ~/Desktop/dh/repaso_clase_1y2/infraestructura (master)
$ cd ../

ingme@DESKTOP-DGMC23J MINGW64 ~/Desktop/dh/repaso_clase_1y2 (master)
$ cd ../

ingme@DESKTOP-DGMC23J MINGW64 ~/Desktop/dh (master)
$ cd ../

ingme@DESKTOP-DGMC23J MINGW64 ~/Desktop (master)
$ cd dh/

ingme@DESKTOP-DGMC23J MINGW64 ~/Desktop/dh (master)
$ ls -R
.:
repaso_clase_1y2/

./repaso_clase_1y2:
historia_de_la_contabilidad/
infraestructura/
interfaces_de_usuario/
que_haremos_hoy/
servidores/

./repaso_clase_1y2/historia_de_la_contabilidad:
repaso

./repaso_clase_1y2/infraestructura:
repaso

./repaso_clase_1y2/interfaces_de_usuario:
repaso

./repaso_clase_1y2/que_haremos_hoy:
repaso

./repaso_clase_1y2/servidores:
repaso

ingme@DESKTOP-DGMC23J MINGW64 ~/Desktop/dh (master)
$
